[www.bhumit.site/index.html]
[backblue.gif]
[fade.gif]
[index.html]
[www.bhumit.site/manifest.json]
[www.bhumit.site/public/icons/16.1.delayed]
[www.bhumit.site/public/icons/32.2.delayed]
[www.bhumit.site/assets/ma.svg]
[www.bhumit.site/public/icons/192.4.delayed]
[www.bhumit.site/_next/static/css/c4f383ce56dd9f7c.css]
[www.bhumit.site/_next/static/chunks/polyfills-c67a75d1b6f99dc8.js]
[www.bhumit.site/_next/static/chunks/webpack-9c1466c155e30c7f.js]
[www.bhumit.site/_next/static/chunks/framework-894882070c31fec4.js]
[www.bhumit.site/_next/static/chunks/main-f794b5e2e50cbc57.js]
[www.bhumit.site/_next/static/chunks/pages/_app-42a1413559588207.js]
[www.bhumit.site/_next/static/chunks/585-51392063b3415acf.js]
[www.bhumit.site/_next/static/chunks/87-8fe7b9aa867ab8a2.js]
[www.bhumit.site/_next/static/chunks/594-7859af4313fa0a84.js]
[www.bhumit.site/_next/static/chunks/pages/index-3b53f802e86f430c.js]
[www.bhumit.site/_next/static/dt5Jka1kUDlYxKtAMpY_V/_buildManifest.js]
[www.bhumit.site/_next/static/dt5Jka1kUDlYxKtAMpY_V/_ssgManifest.js]
[www.bhumit.site/assets/muhammad-aamir-malik-logo.png]
[www.bhumit.site/assets/muhammad-aamir-malik-1.png]
[www.bhumit.site/assets/projects/Xdividend.png]
[www.bhumit.site/projects/x-dividend-mobile-app]
[www.bhumit.site/assets/projects/Interect.png]
[www.bhumit.site/projects/interect-family-chat-app]
[www.bhumit.site/assets/projects/ShareIt.png]
[www.bhumit.site/projects/shareit-share-and-win]
[www.bhumit.site/assets/projects/Pick&Drop.png]
[www.bhumit.site/projects/pick-drop-driver-solution]
[www.bhumit.site/assets/projects/LearningGuide.png]
[www.bhumit.site/projects/learning-guide-photography-lessons]
[www.bhumit.site/projects]
[www.bhumit.site/assets/Digiindia.png]
[www.bhumit.site/assets/Jawanindia.jpeg]
[www.bhumit.site/assets/aws.png]
[www.bhumit.site/assets/DigiSkills.png]
[www.bhumit.site/assets/youtube.png]
[www.bhumit.site/index.html]
[www.bhumit.site/public/icons/404]
[www.bhumit.site/public/icons/404-2]
[www.bhumit.site/assets/ma.svg]
[www.bhumit.site/public/icons/404-3]
[www.bhumit.site/_next/static/css/c4f383ce56dd9f7c.css]
[www.bhumit.site/projects/x-dividend-mobile-app]
[www.bhumit.site/projects/interect-family-chat-app]
[www.bhumit.site/projects/shareit-share-and-win]
[www.bhumit.site/projects/pick-drop-driver-solution]
[www.bhumit.site/projects/learning-guide-photography-lessons]
[www.bhumit.site/projects]
[www.bhumit.site/assets/arrow-sample.svg]
[www.bhumit.site/_next/static/chunks/pages/projects/[slug]-eda4d8bdd8fe5d27.js]
